Archive member included because of file (symbol)

c:/program files (x86)/atmel/atmel studio 6.0/extensions/atmel/avrgcc/3.4.1.95/avrtoolchain/bin/../lib/gcc/avr/4.6.2/avr5\libgcc.a(_exit.o)
                              c:/program files (x86)/atmel/atmel studio 6.0/extensions/atmel/avrgcc/3.4.1.95/avrtoolchain/bin/../lib/gcc/avr/4.6.2/../../../../avr/lib/avr5/crtm32.o (exit)
c:/program files (x86)/atmel/atmel studio 6.0/extensions/atmel/avrgcc/3.4.1.95/avrtoolchain/bin/../lib/gcc/avr/4.6.2/avr5\libgcc.a(_copy_data.o)
                              event group.o (__do_copy_data)
c:/program files (x86)/atmel/atmel studio 6.0/extensions/atmel/avrgcc/3.4.1.95/avrtoolchain/bin/../lib/gcc/avr/4.6.2/avr5\libgcc.a(_clear_bss.o)
                              event group.o (__do_clear_bss)
c:/program files (x86)/atmel/atmel studio 6.0/extensions/atmel/avrgcc/3.4.1.95/avrtoolchain/bin/../lib/gcc/avr/4.6.2/../../../../avr/lib/avr5\libc.a(memcpy.o)
                              queue.o (memcpy)

Allocating common symbols
Common symbol       size              file

xQueueRegistry      0x20              queue.o

Memory Configuration

Name             Origin             Length             Attributes
text             0x00000000         0x00020000         xr
data             0x00800060         0x0000ffa0         rw !x
eeprom           0x00810000         0x00010000         rw !x
fuse             0x00820000         0x00000400         rw !x
lock             0x00830000         0x00000400         rw !x
signature        0x00840000         0x00000400         rw !x
*default*        0x00000000         0xffffffff

Linker script and memory map

LOAD c:/program files (x86)/atmel/atmel studio 6.0/extensions/atmel/avrgcc/3.4.1.95/avrtoolchain/bin/../lib/gcc/avr/4.6.2/../../../../avr/lib/avr5/crtm32.o
LOAD event group.o
LOAD event_groups.o
LOAD heap_2.o
LOAD list.o
LOAD port.o
LOAD queue.o
LOAD tasks.o
START GROUP
LOAD c:/program files (x86)/atmel/atmel studio 6.0/extensions/atmel/avrgcc/3.4.1.95/avrtoolchain/bin/../lib/gcc/avr/4.6.2/../../../../avr/lib/avr5\libm.a
END GROUP
LOAD c:/program files (x86)/atmel/atmel studio 6.0/extensions/atmel/avrgcc/3.4.1.95/avrtoolchain/bin/../lib/gcc/avr/4.6.2/avr5\libgcc.a
LOAD c:/program files (x86)/atmel/atmel studio 6.0/extensions/atmel/avrgcc/3.4.1.95/avrtoolchain/bin/../lib/gcc/avr/4.6.2/../../../../avr/lib/avr5\libc.a
LOAD c:/program files (x86)/atmel/atmel studio 6.0/extensions/atmel/avrgcc/3.4.1.95/avrtoolchain/bin/../lib/gcc/avr/4.6.2/avr5\libgcc.a

.hash
 *(.hash)

.dynsym
 *(.dynsym)

.dynstr
 *(.dynstr)

.gnu.version
 *(.gnu.version)

.gnu.version_d
 *(.gnu.version_d)

.gnu.version_r
 *(.gnu.version_r)

.rel.init
 *(.rel.init)

.rela.init
 *(.rela.init)

.rel.text
 *(.rel.text)
 *(.rel.text.*)
 *(.rel.gnu.linkonce.t*)

.rela.text
 *(.rela.text)
 *(.rela.text.*)
 *(.rela.gnu.linkonce.t*)

.rel.fini
 *(.rel.fini)

.rela.fini
 *(.rela.fini)

.rel.rodata
 *(.rel.rodata)
 *(.rel.rodata.*)
 *(.rel.gnu.linkonce.r*)

.rela.rodata
 *(.rela.rodata)
 *(.rela.rodata.*)
 *(.rela.gnu.linkonce.r*)

.rel.data
 *(.rel.data)
 *(.rel.data.*)
 *(.rel.gnu.linkonce.d*)

.rela.data
 *(.rela.data)
 *(.rela.data.*)
 *(.rela.gnu.linkonce.d*)

.rel.ctors
 *(.rel.ctors)

.rela.ctors
 *(.rela.ctors)

.rel.dtors
 *(.rel.dtors)

.rela.dtors
 *(.rela.dtors)

.rel.got
 *(.rel.got)

.rela.got
 *(.rela.got)

.rel.bss
 *(.rel.bss)

.rela.bss
 *(.rela.bss)

.rel.plt
 *(.rel.plt)

.rela.plt
 *(.rela.plt)

.text           0x00000000     0x270e
 *(.vectors)
 .vectors       0x00000000       0x54 c:/program files (x86)/atmel/atmel studio 6.0/extensions/atmel/avrgcc/3.4.1.95/avrtoolchain/bin/../lib/gcc/avr/4.6.2/../../../../avr/lib/avr5/crtm32.o
                0x00000000                __vector_default
                0x00000000                __vectors
 *(.vectors)
 *(.progmem.gcc*)
 *(.progmem*)
                0x00000054                . = ALIGN (0x2)
                0x00000054                __trampolines_start = .
 *(.trampolines)
 .trampolines   0x00000054        0x0 linker stubs
 *(.trampolines*)
                0x00000054                __trampolines_end = .
 *(.jumptables)
 *(.jumptables*)
 *(.lowtext)
 *(.lowtext*)
                0x00000054                __ctors_start = .
 *(.ctors)
                0x00000054                __ctors_end = .
                0x00000054                __dtors_start = .
 *(.dtors)
                0x00000054                __dtors_end = .
 SORT(*)(.ctors)
 SORT(*)(.dtors)
 *(.init0)
 .init0         0x00000054        0x0 c:/program files (x86)/atmel/atmel studio 6.0/extensions/atmel/avrgcc/3.4.1.95/avrtoolchain/bin/../lib/gcc/avr/4.6.2/../../../../avr/lib/avr5/crtm32.o
                0x00000054                __init
 *(.init0)
 *(.init1)
 *(.init1)
 *(.init2)
 .init2         0x00000054        0xc c:/program files (x86)/atmel/atmel studio 6.0/extensions/atmel/avrgcc/3.4.1.95/avrtoolchain/bin/../lib/gcc/avr/4.6.2/../../../../avr/lib/avr5/crtm32.o
 *(.init2)
 *(.init3)
 *(.init3)
 *(.init4)
 .init4         0x00000060       0x16 c:/program files (x86)/atmel/atmel studio 6.0/extensions/atmel/avrgcc/3.4.1.95/avrtoolchain/bin/../lib/gcc/avr/4.6.2/avr5\libgcc.a(_copy_data.o)
                0x00000060                __do_copy_data
 .init4         0x00000076       0x10 c:/program files (x86)/atmel/atmel studio 6.0/extensions/atmel/avrgcc/3.4.1.95/avrtoolchain/bin/../lib/gcc/avr/4.6.2/avr5\libgcc.a(_clear_bss.o)
                0x00000076                __do_clear_bss
 *(.init4)
 *(.init5)
 *(.init5)
 *(.init6)
 *(.init6)
 *(.init7)
 *(.init7)
 *(.init8)
 *(.init8)
 *(.init9)
 .init9         0x00000086        0x8 c:/program files (x86)/atmel/atmel studio 6.0/extensions/atmel/avrgcc/3.4.1.95/avrtoolchain/bin/../lib/gcc/avr/4.6.2/../../../../avr/lib/avr5/crtm32.o
 *(.init9)
 *(.text)
 .text          0x0000008e        0x4 c:/program files (x86)/atmel/atmel studio 6.0/extensions/atmel/avrgcc/3.4.1.95/avrtoolchain/bin/../lib/gcc/avr/4.6.2/../../../../avr/lib/avr5/crtm32.o
                0x0000008e                __vector_1
                0x0000008e                __vector_12
                0x0000008e                __bad_interrupt
                0x0000008e                __vector_6
                0x0000008e                __vector_3
                0x0000008e                __vector_11
                0x0000008e                __vector_13
                0x0000008e                __vector_17
                0x0000008e                __vector_19
                0x0000008e                __vector_5
                0x0000008e                __vector_4
                0x0000008e                __vector_9
                0x0000008e                __vector_2
                0x0000008e                __vector_15
                0x0000008e                __vector_8
                0x0000008e                __vector_14
                0x0000008e                __vector_10
                0x0000008e                __vector_16
                0x0000008e                __vector_18
                0x0000008e                __vector_20
 .text          0x00000092       0xd8 event group.o
                0x00000092                Task2
                0x000000de                SetBit1
                0x000000f8                SetBit0
                0x00000112                main
 .text          0x0000016a      0x352 event_groups.o
                0x00000190                xEventGroupCreate
                0x000001b8                xEventGroupWaitBits
                0x00000290                xEventGroupClearBits
                0x000002ae                xEventGroupGetBitsFromISR
                0x000002b6                xEventGroupSetBits
                0x000003ac                xEventGroupSync
                0x0000047a                vEventGroupDelete
                0x000004ac                vEventGroupSetBitsCallback
                0x000004b4                vEventGroupClearBitsCallback
 .text          0x000004bc      0x1b2 heap_2.o
                0x000004bc                pvPortMalloc
                0x000005fc                vPortFree
                0x00000662                xPortGetFreeHeapSize
                0x0000066c                vPortInitialiseBlocks
 .text          0x0000066e      0x116 list.o
                0x0000066e                vListInitialise
                0x0000068a                vListInitialiseItem
                0x00000692                vListInsertEnd
                0x000006d0                vListInsert
                0x00000734                uxListRemove
 .text          0x00000784      0x2fe port.o
                0x00000784                pxPortInitialiseStack
                0x000008a4                xPortStartScheduler
                0x0000090e                vPortEndScheduler
                0x00000910                vPortYield
                0x000009c2                vPortYieldFromTick
                0x00000a7c                __vector_7
 .text          0x00000a82      0x858 queue.o
                0x00000c3a                xQueueGenericReset
                0x00000cc6                xQueueGenericCreate
                0x00000d18                xQueueGenericSend
                0x00000e64                xQueueCreateMutex
                0x00000e9a                xQueueGenericSendFromISR
                0x00000f0c                xQueueGiveFromISR
                0x00000f5e                xQueueGenericReceive
                0x000010f8                xQueueReceiveFromISR
                0x00001166                xQueuePeekFromISR
                0x00001194                uxQueueMessagesWaiting
                0x000011a4                uxQueueSpacesAvailable
                0x000011b8                uxQueueMessagesWaitingFromISR
                0x000011be                xQueueIsQueueEmptyFromISR
                0x000011ca                xQueueIsQueueFullFromISR
                0x000011d8                vQueueAddToRegistry
                0x00001224                pcQueueGetName
                0x00001274                vQueueUnregisterQueue
                0x000012c4                vQueueDelete
 .text          0x000012da     0x141e tasks.o
                0x00001410                xTaskCreate
                0x00001654                vTaskDelete
                0x000016f8                uxTaskPriorityGet
                0x00001716                uxTaskPriorityGetFromISR
                0x0000172a                vTaskPrioritySet
                0x0000182a                vTaskResume
                0x000018b0                xTaskResumeFromISR
                0x00001942                vTaskStartScheduler
                0x00001996                vTaskEndScheduler
                0x000019a2                vTaskSuspendAll
                0x000019ae                xTaskGetTickCount
                0x000019c2                xTaskGetTickCountFromISR
                0x000019cc                uxTaskGetNumberOfTasks
                0x000019d2                pcTaskGetName
                0x000019e2                xTaskIncrementTick
                0x00001b5e                xTaskResumeAll
                0x00001cce                vTaskDelay
                0x00001cf6                vTaskDelayUntil
                0x00001d74                vTaskSwitchContext
                0x00001e2c                vTaskSuspend
                0x00001eca                vTaskPlaceOnEventList
                0x00001eee                vTaskPlaceOnUnorderedEventList
                0x00001f20                xTaskRemoveFromEventList
                0x00001fb6                xTaskRemoveFromUnorderedEventList
                0x0000202a                vTaskSetTimeOutState
                0x00002040                xTaskCheckForTimeOut
                0x000020aa                vTaskMissedYield
                0x000020b2                xTaskGetCurrentTaskHandle
                0x000020bc                vTaskPriorityInherit
                0x00002178                xTaskPriorityDisinherit
                0x000021fa                uxTaskResetEventItemValue
                0x0000222a                pvTaskIncrementMutexHeldCount
                0x0000224e                ulTaskNotifyTake
                0x00002304                xTaskNotifyWait
                0x000023fc                xTaskGenericNotify
                0x000024f6                xTaskGenericNotifyFromISR
                0x00002616                vTaskNotifyGiveFromISR
                0x000026ce                xTaskNotifyStateClear
 .text          0x000026f8        0x0 c:/program files (x86)/atmel/atmel studio 6.0/extensions/atmel/avrgcc/3.4.1.95/avrtoolchain/bin/../lib/gcc/avr/4.6.2/avr5\libgcc.a(_exit.o)
 .text          0x000026f8        0x0 c:/program files (x86)/atmel/atmel studio 6.0/extensions/atmel/avrgcc/3.4.1.95/avrtoolchain/bin/../lib/gcc/avr/4.6.2/avr5\libgcc.a(_copy_data.o)
 .text          0x000026f8        0x0 c:/program files (x86)/atmel/atmel studio 6.0/extensions/atmel/avrgcc/3.4.1.95/avrtoolchain/bin/../lib/gcc/avr/4.6.2/avr5\libgcc.a(_clear_bss.o)
 .text          0x000026f8        0x0 c:/program files (x86)/atmel/atmel studio 6.0/extensions/atmel/avrgcc/3.4.1.95/avrtoolchain/bin/../lib/gcc/avr/4.6.2/../../../../avr/lib/avr5\libc.a(memcpy.o)
                0x000026f8                . = ALIGN (0x2)
 *(.text.*)
 .text.libgcc   0x000026f8        0x0 c:/program files (x86)/atmel/atmel studio 6.0/extensions/atmel/avrgcc/3.4.1.95/avrtoolchain/bin/../lib/gcc/avr/4.6.2/avr5\libgcc.a(_exit.o)
 .text.libgcc   0x000026f8        0x0 c:/program files (x86)/atmel/atmel studio 6.0/extensions/atmel/avrgcc/3.4.1.95/avrtoolchain/bin/../lib/gcc/avr/4.6.2/avr5\libgcc.a(_copy_data.o)
 .text.libgcc   0x000026f8        0x0 c:/program files (x86)/atmel/atmel studio 6.0/extensions/atmel/avrgcc/3.4.1.95/avrtoolchain/bin/../lib/gcc/avr/4.6.2/avr5\libgcc.a(_clear_bss.o)
 .text.avr-libc
                0x000026f8       0x12 c:/program files (x86)/atmel/atmel studio 6.0/extensions/atmel/avrgcc/3.4.1.95/avrtoolchain/bin/../lib/gcc/avr/4.6.2/../../../../avr/lib/avr5\libc.a(memcpy.o)
                0x000026f8                memcpy
                0x0000270a                . = ALIGN (0x2)
 *(.fini9)
 .fini9         0x0000270a        0x0 c:/program files (x86)/atmel/atmel studio 6.0/extensions/atmel/avrgcc/3.4.1.95/avrtoolchain/bin/../lib/gcc/avr/4.6.2/avr5\libgcc.a(_exit.o)
                0x0000270a                _exit
                0x0000270a                exit
 *(.fini9)
 *(.fini8)
 *(.fini8)
 *(.fini7)
 *(.fini7)
 *(.fini6)
 *(.fini6)
 *(.fini5)
 *(.fini5)
 *(.fini4)
 *(.fini4)
 *(.fini3)
 *(.fini3)
 *(.fini2)
 *(.fini2)
 *(.fini1)
 *(.fini1)
 *(.fini0)
 .fini0         0x0000270a        0x4 c:/program files (x86)/atmel/atmel studio 6.0/extensions/atmel/avrgcc/3.4.1.95/avrtoolchain/bin/../lib/gcc/avr/4.6.2/avr5\libgcc.a(_exit.o)
 *(.fini0)
                0x0000270e                _etext = .

.data           0x00800060       0x18 load address 0x0000270e
                0x00800060                PROVIDE (__data_start, .)
 *(.data)
 .data          0x00800060        0x0 c:/program files (x86)/atmel/atmel studio 6.0/extensions/atmel/avrgcc/3.4.1.95/avrtoolchain/bin/../lib/gcc/avr/4.6.2/../../../../avr/lib/avr5/crtm32.o
 .data          0x00800060       0x11 event group.o
 .data          0x00800071        0x0 event_groups.o
 .data          0x00800071        0x2 heap_2.o
 .data          0x00800073        0x0 list.o
 .data          0x00800073        0x0 port.o
 .data          0x00800073        0x0 queue.o
 .data          0x00800073        0x5 tasks.o
 .data          0x00800078        0x0 c:/program files (x86)/atmel/atmel studio 6.0/extensions/atmel/avrgcc/3.4.1.95/avrtoolchain/bin/../lib/gcc/avr/4.6.2/avr5\libgcc.a(_exit.o)
 .data          0x00800078        0x0 c:/program files (x86)/atmel/atmel studio 6.0/extensions/atmel/avrgcc/3.4.1.95/avrtoolchain/bin/../lib/gcc/avr/4.6.2/avr5\libgcc.a(_copy_data.o)
 .data          0x00800078        0x0 c:/program files (x86)/atmel/atmel studio 6.0/extensions/atmel/avrgcc/3.4.1.95/avrtoolchain/bin/../lib/gcc/avr/4.6.2/avr5\libgcc.a(_clear_bss.o)
 .data          0x00800078        0x0 c:/program files (x86)/atmel/atmel studio 6.0/extensions/atmel/avrgcc/3.4.1.95/avrtoolchain/bin/../lib/gcc/avr/4.6.2/../../../../avr/lib/avr5\libc.a(memcpy.o)
 *(.data*)
 *(.rodata)
 *(.rodata*)
 *(.gnu.linkonce.d*)
                0x00800078                . = ALIGN (0x2)
                0x00800078                _edata = .
                0x00800078                PROVIDE (__data_end, .)

.bss            0x00800078      0x41e
                0x00800078                PROVIDE (__bss_start, .)
 *(.bss)
 .bss           0x00800078        0x0 c:/program files (x86)/atmel/atmel studio 6.0/extensions/atmel/avrgcc/3.4.1.95/avrtoolchain/bin/../lib/gcc/avr/4.6.2/../../../../avr/lib/avr5/crtm32.o
 .bss           0x00800078        0x2 event group.o
                0x00800078                myEventGroup
 .bss           0x0080007a        0x0 event_groups.o
 .bss           0x0080007a      0x38d heap_2.o
 .bss           0x00800407        0x0 list.o
 .bss           0x00800407        0x0 port.o
 .bss           0x00800407        0x0 queue.o
 .bss           0x00800407       0x6f tasks.o
                0x00800407                pxCurrentTCB
 .bss           0x00800476        0x0 c:/program files (x86)/atmel/atmel studio 6.0/extensions/atmel/avrgcc/3.4.1.95/avrtoolchain/bin/../lib/gcc/avr/4.6.2/avr5\libgcc.a(_exit.o)
 .bss           0x00800476        0x0 c:/program files (x86)/atmel/atmel studio 6.0/extensions/atmel/avrgcc/3.4.1.95/avrtoolchain/bin/../lib/gcc/avr/4.6.2/avr5\libgcc.a(_copy_data.o)
 .bss           0x00800476        0x0 c:/program files (x86)/atmel/atmel studio 6.0/extensions/atmel/avrgcc/3.4.1.95/avrtoolchain/bin/../lib/gcc/avr/4.6.2/avr5\libgcc.a(_clear_bss.o)
 .bss           0x00800476        0x0 c:/program files (x86)/atmel/atmel studio 6.0/extensions/atmel/avrgcc/3.4.1.95/avrtoolchain/bin/../lib/gcc/avr/4.6.2/../../../../avr/lib/avr5\libc.a(memcpy.o)
 *(.bss*)
 *(COMMON)
 COMMON         0x00800476       0x20 queue.o
                0x00800476                xQueueRegistry
                0x00800496                PROVIDE (__bss_end, .)
                0x0000270e                __data_load_start = LOADADDR (.data)
                0x00002726                __data_load_end = (__data_load_start + SIZEOF (.data))

.noinit         0x00800496        0x0
                0x00800496                PROVIDE (__noinit_start, .)
 *(.noinit*)
                0x00800496                PROVIDE (__noinit_end, .)
                0x00800496                _end = .
                0x00800496                PROVIDE (__heap_start, .)

.eeprom         0x00810000        0x0
 *(.eeprom*)
                0x00810000                __eeprom_end = .

.fuse
 *(.fuse)
 *(.lfuse)
 *(.hfuse)
 *(.efuse)

.lock
 *(.lock*)

.signature
 *(.signature*)

.stab           0x00000000      0x750
 *(.stab)
 .stab          0x00000000      0x6cc c:/program files (x86)/atmel/atmel studio 6.0/extensions/atmel/avrgcc/3.4.1.95/avrtoolchain/bin/../lib/gcc/avr/4.6.2/../../../../avr/lib/avr5/crtm32.o
 .stab          0x000006cc       0x84 c:/program files (x86)/atmel/atmel studio 6.0/extensions/atmel/avrgcc/3.4.1.95/avrtoolchain/bin/../lib/gcc/avr/4.6.2/../../../../avr/lib/avr5\libc.a(memcpy.o)
                                 0x90 (size before relaxing)

.stabstr        0x00000000       0xe7
 *(.stabstr)
 .stabstr       0x00000000       0xe7 c:/program files (x86)/atmel/atmel studio 6.0/extensions/atmel/avrgcc/3.4.1.95/avrtoolchain/bin/../lib/gcc/avr/4.6.2/../../../../avr/lib/avr5/crtm32.o

.stab.excl
 *(.stab.excl)

.stab.exclstr
 *(.stab.exclstr)

.stab.index
 *(.stab.index)

.stab.indexstr
 *(.stab.indexstr)

.comment
 *(.comment)

.debug
 *(.debug)

.line
 *(.line)

.debug_srcinfo
 *(.debug_srcinfo)

.debug_sfnames
 *(.debug_sfnames)

.debug_aranges  0x00000000      0x140
 *(.debug_aranges)
 .debug_aranges
                0x00000000       0x20 event group.o
 .debug_aranges
                0x00000020       0x20 event_groups.o
 .debug_aranges
                0x00000040       0x20 heap_2.o
 .debug_aranges
                0x00000060       0x20 list.o
 .debug_aranges
                0x00000080       0x20 port.o
 .debug_aranges
                0x000000a0       0x20 queue.o
 .debug_aranges
                0x000000c0       0x20 tasks.o
 .debug_aranges
                0x000000e0       0x20 c:/program files (x86)/atmel/atmel studio 6.0/extensions/atmel/avrgcc/3.4.1.95/avrtoolchain/bin/../lib/gcc/avr/4.6.2/avr5\libgcc.a(_exit.o)
 .debug_aranges
                0x00000100       0x20 c:/program files (x86)/atmel/atmel studio 6.0/extensions/atmel/avrgcc/3.4.1.95/avrtoolchain/bin/../lib/gcc/avr/4.6.2/avr5\libgcc.a(_copy_data.o)
 .debug_aranges
                0x00000120       0x20 c:/program files (x86)/atmel/atmel studio 6.0/extensions/atmel/avrgcc/3.4.1.95/avrtoolchain/bin/../lib/gcc/avr/4.6.2/avr5\libgcc.a(_clear_bss.o)

.debug_pubnames
 *(.debug_pubnames)

.debug_info     0x00000000     0x334d
 *(.debug_info)
 .debug_info    0x00000000      0x171 event group.o
 .debug_info    0x00000171      0x661 event_groups.o
 .debug_info    0x000007d2      0x2db heap_2.o
 .debug_info    0x00000aad      0x2b5 list.o
 .debug_info    0x00000d62      0x203 port.o
 .debug_info    0x00000f65      0xd27 queue.o
 .debug_info    0x00001c8c     0x142a tasks.o
 .debug_info    0x000030b6       0xdd c:/program files (x86)/atmel/atmel studio 6.0/extensions/atmel/avrgcc/3.4.1.95/avrtoolchain/bin/../lib/gcc/avr/4.6.2/avr5\libgcc.a(_exit.o)
 .debug_info    0x00003193       0xdd c:/program files (x86)/atmel/atmel studio 6.0/extensions/atmel/avrgcc/3.4.1.95/avrtoolchain/bin/../lib/gcc/avr/4.6.2/avr5\libgcc.a(_copy_data.o)
 .debug_info    0x00003270       0xdd c:/program files (x86)/atmel/atmel studio 6.0/extensions/atmel/avrgcc/3.4.1.95/avrtoolchain/bin/../lib/gcc/avr/4.6.2/avr5\libgcc.a(_clear_bss.o)
 *(.gnu.linkonce.wi.*)

.debug_abbrev   0x00000000      0xb21
 *(.debug_abbrev)
 .debug_abbrev  0x00000000       0xbb event group.o
 .debug_abbrev  0x000000bb      0x183 event_groups.o
 .debug_abbrev  0x0000023e      0x182 heap_2.o
 .debug_abbrev  0x000003c0       0xed list.o
 .debug_abbrev  0x000004ad      0x113 port.o
 .debug_abbrev  0x000005c0      0x277 queue.o
 .debug_abbrev  0x00000837      0x2ae tasks.o
 .debug_abbrev  0x00000ae5       0x14 c:/program files (x86)/atmel/atmel studio 6.0/extensions/atmel/avrgcc/3.4.1.95/avrtoolchain/bin/../lib/gcc/avr/4.6.2/avr5\libgcc.a(_exit.o)
 .debug_abbrev  0x00000af9       0x14 c:/program files (x86)/atmel/atmel studio 6.0/extensions/atmel/avrgcc/3.4.1.95/avrtoolchain/bin/../lib/gcc/avr/4.6.2/avr5\libgcc.a(_copy_data.o)
 .debug_abbrev  0x00000b0d       0x14 c:/program files (x86)/atmel/atmel studio 6.0/extensions/atmel/avrgcc/3.4.1.95/avrtoolchain/bin/../lib/gcc/avr/4.6.2/avr5\libgcc.a(_clear_bss.o)

.debug_line     0x00000000     0x129a
 *(.debug_line)
 .debug_line    0x00000000      0x12b event group.o
 .debug_line    0x0000012b      0x1c7 event_groups.o
 .debug_line    0x000002f2      0x1d0 heap_2.o
 .debug_line    0x000004c2      0x11f list.o
 .debug_line    0x000005e1      0x14b port.o
 .debug_line    0x0000072c      0x389 queue.o
 .debug_line    0x00000ab5      0x63e tasks.o
 .debug_line    0x000010f3       0x88 c:/program files (x86)/atmel/atmel studio 6.0/extensions/atmel/avrgcc/3.4.1.95/avrtoolchain/bin/../lib/gcc/avr/4.6.2/avr5\libgcc.a(_exit.o)
 .debug_line    0x0000117b       0x91 c:/program files (x86)/atmel/atmel studio 6.0/extensions/atmel/avrgcc/3.4.1.95/avrtoolchain/bin/../lib/gcc/avr/4.6.2/avr5\libgcc.a(_copy_data.o)
 .debug_line    0x0000120c       0x8e c:/program files (x86)/atmel/atmel studio 6.0/extensions/atmel/avrgcc/3.4.1.95/avrtoolchain/bin/../lib/gcc/avr/4.6.2/avr5\libgcc.a(_clear_bss.o)

.debug_frame    0x00000000      0xb18
 *(.debug_frame)
 .debug_frame   0x00000000       0x54 event group.o
 .debug_frame   0x00000054      0x168 event_groups.o
 .debug_frame   0x000001bc       0x7c heap_2.o
 .debug_frame   0x00000238       0x88 list.o
 .debug_frame   0x000002c0       0x74 port.o
 .debug_frame   0x00000334      0x2bc queue.o
 .debug_frame   0x000005f0      0x528 tasks.o

.debug_str      0x00000000     0x145f
 *(.debug_str)
 .debug_str     0x00000000      0x10d event group.o
                                0x151 (size before relaxing)
 .debug_str     0x0000010d      0x30a event_groups.o
                                0x432 (size before relaxing)
 .debug_str     0x00000417      0x154 heap_2.o
                                0x22d (size before relaxing)
 .debug_str     0x0000056b       0x8e list.o
                                0x203 (size before relaxing)
 .debug_str     0x000005f9       0xe5 port.o
                                0x1d6 (size before relaxing)
 .debug_str     0x000006de      0x456 queue.o
                                0x62e (size before relaxing)
 .debug_str     0x00000b34      0x92b tasks.o
                                0xba6 (size before relaxing)

.debug_loc      0x00000000     0x3d88
 *(.debug_loc)
 .debug_loc     0x00000000       0x5c event group.o
 .debug_loc     0x0000005c      0xaaa event_groups.o
 .debug_loc     0x00000b06      0x2ca heap_2.o
 .debug_loc     0x00000dd0      0x149 list.o
 .debug_loc     0x00000f19      0x28e port.o
 .debug_loc     0x000011a7     0x10c9 queue.o
 .debug_loc     0x00002270     0x1b18 tasks.o

.debug_macinfo
 *(.debug_macinfo)
OUTPUT(event group.elf elf32-avr)
LOAD linker stubs

.debug_ranges   0x00000000      0x148
 .debug_ranges  0x00000000       0x78 queue.o
 .debug_ranges  0x00000078       0xd0 tasks.o
