Archive member included to satisfy reference by file (symbol)

c:/program files (x86)/atmel/studio/7.0/toolchain/avr8/avr8-gnu-toolchain/bin/../lib/gcc/avr/5.4.0/avr5\libgcc.a(_exit.o)
                              C:/Program Files (x86)/Atmel/Studio/7.0/Packs/atmel/ATmega_DFP/1.2.209/gcc/dev/atmega32/avr5/crtatmega32.o (exit)
c:/program files (x86)/atmel/studio/7.0/toolchain/avr8/avr8-gnu-toolchain/bin/../lib/gcc/avr/5.4.0/avr5\libgcc.a(_copy_data.o)
                              heap_2.o (__do_copy_data)
c:/program files (x86)/atmel/studio/7.0/toolchain/avr8/avr8-gnu-toolchain/bin/../lib/gcc/avr/5.4.0/avr5\libgcc.a(_clear_bss.o)
                              heap_2.o (__do_clear_bss)
c:/program files (x86)/atmel/studio/7.0/toolchain/avr8/avr8-gnu-toolchain/bin/../lib/gcc/avr/5.4.0/../../../../avr/lib/avr5\libc.a(memcpy.o)
                              queue.o (memcpy)

Allocating common symbols
Common symbol       size              file

xQueueRegistry      0x20              queue.o
my_queue            0x2               message Queue.o

Discarded input sections

 .data          0x00000000        0x0 C:/Program Files (x86)/Atmel/Studio/7.0/Packs/atmel/ATmega_DFP/1.2.209/gcc/dev/atmega32/avr5/crtatmega32.o
 .bss           0x00000000        0x0 C:/Program Files (x86)/Atmel/Studio/7.0/Packs/atmel/ATmega_DFP/1.2.209/gcc/dev/atmega32/avr5/crtatmega32.o
 .text          0x00000000        0x0 DIO.o
 .data          0x00000000        0x0 DIO.o
 .bss           0x00000000        0x0 DIO.o
 .text.DIO_toggle
                0x00000000       0x6e DIO.o
 .text.DIO_set_port_direction
                0x00000000       0x26 DIO.o
 .text.DIO_read_port
                0x00000000       0x2a DIO.o
 .text.write_low_nibble
                0x00000000       0x4a DIO.o
 .text.write_high_nibble
                0x00000000       0x4c DIO.o
 .text          0x00000000        0x0 event_groups.o
 .data          0x00000000        0x0 event_groups.o
 .bss           0x00000000        0x0 event_groups.o
 .text.xEventGroupCreate
                0x00000000       0x26 event_groups.o
 .text.xEventGroupWaitBits
                0x00000000      0x110 event_groups.o
 .text.xEventGroupClearBits
                0x00000000       0x1e event_groups.o
 .text.xEventGroupGetBitsFromISR
                0x00000000        0x8 event_groups.o
 .text.xEventGroupSetBits
                0x00000000       0xdc event_groups.o
 .text.xEventGroupSync
                0x00000000       0xd2 event_groups.o
 .text.vEventGroupDelete
                0x00000000       0x32 event_groups.o
 .text.vEventGroupSetBitsCallback
                0x00000000        0x8 event_groups.o
 .text.vEventGroupClearBitsCallback
                0x00000000        0x8 event_groups.o
 .debug_info    0x00000000      0x8ed event_groups.o
 .debug_abbrev  0x00000000      0x205 event_groups.o
 .debug_loc     0x00000000      0xb40 event_groups.o
 .debug_aranges
                0x00000000       0x60 event_groups.o
 .debug_ranges  0x00000000       0x68 event_groups.o
 .debug_line    0x00000000      0x396 event_groups.o
 .debug_str     0x00000000      0x5a5 event_groups.o
 .comment       0x00000000       0x31 event_groups.o
 .debug_frame   0x00000000      0x158 event_groups.o
 .text          0x00000000        0x0 heap_2.o
 .data          0x00000000        0x0 heap_2.o
 .bss           0x00000000        0x0 heap_2.o
 .text.xPortGetFreeHeapSize
                0x00000000        0xa heap_2.o
 .text.vPortInitialiseBlocks
                0x00000000        0x2 heap_2.o
 .bss           0x00000000        0x0 keypad_driver.o
 .text          0x00000000        0x0 LCD.o
 .data          0x00000000        0x0 LCD.o
 .bss           0x00000000        0x0 LCD.o
 .text.LCD_vSend_string
                0x00000000       0x1e LCD.o
 .text.LCD_clearscreen
                0x00000000       0x14 LCD.o
 .text.LCD_movecursor
                0x00000000       0x3e LCD.o
 .text          0x00000000        0x0 list.o
 .data          0x00000000        0x0 list.o
 .bss           0x00000000        0x0 list.o
 .text          0x00000000        0x0 message Queue.o
 .data          0x00000000        0x0 message Queue.o
 .bss           0x00000000        0x0 message Queue.o
 .text          0x00000000        0x0 port.o
 .data          0x00000000        0x0 port.o
 .bss           0x00000000        0x0 port.o
 .text.vPortEndScheduler
                0x00000000        0x2 port.o
 .text          0x00000000        0x0 queue.o
 .data          0x00000000        0x0 queue.o
 .bss           0x00000000        0x0 queue.o
 .text.xQueueCreateMutex
                0x00000000       0x34 queue.o
 .text.xQueueGenericSendFromISR
                0x00000000       0x74 queue.o
 .text.xQueueGiveFromISR
                0x00000000       0x52 queue.o
 .text.xQueueReceiveFromISR
                0x00000000       0x6e queue.o
 .text.xQueuePeekFromISR
                0x00000000       0x2e queue.o
 .text.uxQueueMessagesWaiting
                0x00000000       0x10 queue.o
 .text.uxQueueSpacesAvailable
                0x00000000       0x14 queue.o
 .text.uxQueueMessagesWaitingFromISR
                0x00000000        0x6 queue.o
 .text.xQueueIsQueueEmptyFromISR
                0x00000000        0xc queue.o
 .text.xQueueIsQueueFullFromISR
                0x00000000        0xe queue.o
 .text.vQueueAddToRegistry
                0x00000000       0x4e queue.o
 .text.pcQueueGetName
                0x00000000       0x4e queue.o
 .text.vQueueUnregisterQueue
                0x00000000       0x4e queue.o
 .text.vQueueDelete
                0x00000000       0x16 queue.o
 COMMON         0x00000000       0x20 queue.o
 .text          0x00000000        0x0 tasks.o
 .data          0x00000000        0x0 tasks.o
 .bss           0x00000000        0x0 tasks.o
 .text.vTaskDelete
                0x00000000       0xaa tasks.o
 .text.uxTaskPriorityGet
                0x00000000       0x1c tasks.o
 .text.uxTaskPriorityGetFromISR
                0x00000000       0x12 tasks.o
 .text.vTaskPrioritySet
                0x00000000       0xf8 tasks.o
 .text.vTaskResume
                0x00000000       0x9e tasks.o
 .text.xTaskResumeFromISR
                0x00000000       0xae tasks.o
 .text.vTaskEndScheduler
                0x00000000        0xc tasks.o
 .text.xTaskGetTickCount
                0x00000000       0x14 tasks.o
 .text.xTaskGetTickCountFromISR
                0x00000000        0xa tasks.o
 .text.uxTaskGetNumberOfTasks
                0x00000000        0x6 tasks.o
 .text.pcTaskGetName
                0x00000000       0x10 tasks.o
 .text.vTaskDelayUntil
                0x00000000       0x7c tasks.o
 .text.vTaskSuspend
                0x00000000       0x9c tasks.o
 .text.vTaskPlaceOnUnorderedEventList
                0x00000000       0x32 tasks.o
 .text.xTaskRemoveFromUnorderedEventList
                0x00000000       0x74 tasks.o
 .text.xTaskGetCurrentTaskHandle
                0x00000000        0xa tasks.o
 .text.uxTaskResetEventItemValue
                0x00000000       0x2e tasks.o
 .text.ulTaskNotifyTake
                0x00000000       0xae tasks.o
 .text.xTaskNotifyWait
                0x00000000      0x108 tasks.o
 .text.xTaskGenericNotify
                0x00000000       0xfc tasks.o
 .text.xTaskGenericNotifyFromISR
                0x00000000      0x122 tasks.o
 .text.vTaskNotifyGiveFromISR
                0x00000000       0xb6 tasks.o
 .text.xTaskNotifyStateClear
                0x00000000       0x28 tasks.o
 .text          0x00000000        0x0 c:/program files (x86)/atmel/studio/7.0/toolchain/avr8/avr8-gnu-toolchain/bin/../lib/gcc/avr/5.4.0/avr5\libgcc.a(_exit.o)
 .data          0x00000000        0x0 c:/program files (x86)/atmel/studio/7.0/toolchain/avr8/avr8-gnu-toolchain/bin/../lib/gcc/avr/5.4.0/avr5\libgcc.a(_exit.o)
 .bss           0x00000000        0x0 c:/program files (x86)/atmel/studio/7.0/toolchain/avr8/avr8-gnu-toolchain/bin/../lib/gcc/avr/5.4.0/avr5\libgcc.a(_exit.o)
 .text.libgcc.mul
                0x00000000        0x0 c:/program files (x86)/atmel/studio/7.0/toolchain/avr8/avr8-gnu-toolchain/bin/../lib/gcc/avr/5.4.0/avr5\libgcc.a(_exit.o)
 .text.libgcc.div
                0x00000000        0x0 c:/program files (x86)/atmel/studio/7.0/toolchain/avr8/avr8-gnu-toolchain/bin/../lib/gcc/avr/5.4.0/avr5\libgcc.a(_exit.o)
 .text.libgcc   0x00000000        0x0 c:/program files (x86)/atmel/studio/7.0/toolchain/avr8/avr8-gnu-toolchain/bin/../lib/gcc/avr/5.4.0/avr5\libgcc.a(_exit.o)
 .text.libgcc.prologue
                0x00000000        0x0 c:/program files (x86)/atmel/studio/7.0/toolchain/avr8/avr8-gnu-toolchain/bin/../lib/gcc/avr/5.4.0/avr5\libgcc.a(_exit.o)
 .text.libgcc.builtins
                0x00000000        0x0 c:/program files (x86)/atmel/studio/7.0/toolchain/avr8/avr8-gnu-toolchain/bin/../lib/gcc/avr/5.4.0/avr5\libgcc.a(_exit.o)
 .text.libgcc.fmul
                0x00000000        0x0 c:/program files (x86)/atmel/studio/7.0/toolchain/avr8/avr8-gnu-toolchain/bin/../lib/gcc/avr/5.4.0/avr5\libgcc.a(_exit.o)
 .text.libgcc.fixed
                0x00000000        0x0 c:/program files (x86)/atmel/studio/7.0/toolchain/avr8/avr8-gnu-toolchain/bin/../lib/gcc/avr/5.4.0/avr5\libgcc.a(_exit.o)
 .text          0x00000000        0x0 c:/program files (x86)/atmel/studio/7.0/toolchain/avr8/avr8-gnu-toolchain/bin/../lib/gcc/avr/5.4.0/avr5\libgcc.a(_copy_data.o)
 .data          0x00000000        0x0 c:/program files (x86)/atmel/studio/7.0/toolchain/avr8/avr8-gnu-toolchain/bin/../lib/gcc/avr/5.4.0/avr5\libgcc.a(_copy_data.o)
 .bss           0x00000000        0x0 c:/program files (x86)/atmel/studio/7.0/toolchain/avr8/avr8-gnu-toolchain/bin/../lib/gcc/avr/5.4.0/avr5\libgcc.a(_copy_data.o)
 .text.libgcc.mul
                0x00000000        0x0 c:/program files (x86)/atmel/studio/7.0/toolchain/avr8/avr8-gnu-toolchain/bin/../lib/gcc/avr/5.4.0/avr5\libgcc.a(_copy_data.o)
 .text.libgcc.div
                0x00000000        0x0 c:/program files (x86)/atmel/studio/7.0/toolchain/avr8/avr8-gnu-toolchain/bin/../lib/gcc/avr/5.4.0/avr5\libgcc.a(_copy_data.o)
 .text.libgcc   0x00000000        0x0 c:/program files (x86)/atmel/studio/7.0/toolchain/avr8/avr8-gnu-toolchain/bin/../lib/gcc/avr/5.4.0/avr5\libgcc.a(_copy_data.o)
 .text.libgcc.prologue
                0x00000000        0x0 c:/program files (x86)/atmel/studio/7.0/toolchain/avr8/avr8-gnu-toolchain/bin/../lib/gcc/avr/5.4.0/avr5\libgcc.a(_copy_data.o)
 .text.libgcc.builtins
                0x00000000        0x0 c:/program files (x86)/atmel/studio/7.0/toolchain/avr8/avr8-gnu-toolchain/bin/../lib/gcc/avr/5.4.0/avr5\libgcc.a(_copy_data.o)
 .text.libgcc.fmul
                0x00000000        0x0 c:/program files (x86)/atmel/studio/7.0/toolchain/avr8/avr8-gnu-toolchain/bin/../lib/gcc/avr/5.4.0/avr5\libgcc.a(_copy_data.o)
 .text.libgcc.fixed
                0x00000000        0x0 c:/program files (x86)/atmel/studio/7.0/toolchain/avr8/avr8-gnu-toolchain/bin/../lib/gcc/avr/5.4.0/avr5\libgcc.a(_copy_data.o)
 .text          0x00000000        0x0 c:/program files (x86)/atmel/studio/7.0/toolchain/avr8/avr8-gnu-toolchain/bin/../lib/gcc/avr/5.4.0/avr5\libgcc.a(_clear_bss.o)
 .data          0x00000000        0x0 c:/program files (x86)/atmel/studio/7.0/toolchain/avr8/avr8-gnu-toolchain/bin/../lib/gcc/avr/5.4.0/avr5\libgcc.a(_clear_bss.o)
 .bss           0x00000000        0x0 c:/program files (x86)/atmel/studio/7.0/toolchain/avr8/avr8-gnu-toolchain/bin/../lib/gcc/avr/5.4.0/avr5\libgcc.a(_clear_bss.o)
 .text.libgcc.mul
                0x00000000        0x0 c:/program files (x86)/atmel/studio/7.0/toolchain/avr8/avr8-gnu-toolchain/bin/../lib/gcc/avr/5.4.0/avr5\libgcc.a(_clear_bss.o)
 .text.libgcc.div
                0x00000000        0x0 c:/program files (x86)/atmel/studio/7.0/toolchain/avr8/avr8-gnu-toolchain/bin/../lib/gcc/avr/5.4.0/avr5\libgcc.a(_clear_bss.o)
 .text.libgcc   0x00000000        0x0 c:/program files (x86)/atmel/studio/7.0/toolchain/avr8/avr8-gnu-toolchain/bin/../lib/gcc/avr/5.4.0/avr5\libgcc.a(_clear_bss.o)
 .text.libgcc.prologue
                0x00000000        0x0 c:/program files (x86)/atmel/studio/7.0/toolchain/avr8/avr8-gnu-toolchain/bin/../lib/gcc/avr/5.4.0/avr5\libgcc.a(_clear_bss.o)
 .text.libgcc.builtins
                0x00000000        0x0 c:/program files (x86)/atmel/studio/7.0/toolchain/avr8/avr8-gnu-toolchain/bin/../lib/gcc/avr/5.4.0/avr5\libgcc.a(_clear_bss.o)
 .text.libgcc.fmul
                0x00000000        0x0 c:/program files (x86)/atmel/studio/7.0/toolchain/avr8/avr8-gnu-toolchain/bin/../lib/gcc/avr/5.4.0/avr5\libgcc.a(_clear_bss.o)
 .text.libgcc.fixed
                0x00000000        0x0 c:/program files (x86)/atmel/studio/7.0/toolchain/avr8/avr8-gnu-toolchain/bin/../lib/gcc/avr/5.4.0/avr5\libgcc.a(_clear_bss.o)
 .text          0x00000000        0x0 c:/program files (x86)/atmel/studio/7.0/toolchain/avr8/avr8-gnu-toolchain/bin/../lib/gcc/avr/5.4.0/../../../../avr/lib/avr5\libc.a(memcpy.o)
 .data          0x00000000        0x0 c:/program files (x86)/atmel/studio/7.0/toolchain/avr8/avr8-gnu-toolchain/bin/../lib/gcc/avr/5.4.0/../../../../avr/lib/avr5\libc.a(memcpy.o)
 .bss           0x00000000        0x0 c:/program files (x86)/atmel/studio/7.0/toolchain/avr8/avr8-gnu-toolchain/bin/../lib/gcc/avr/5.4.0/../../../../avr/lib/avr5\libc.a(memcpy.o)

Memory Configuration

Name             Origin             Length             Attributes
text             0x00000000         0x00020000         xr
data             0x00800060         0x0000ffa0         rw !x
eeprom           0x00810000         0x00010000         rw !x
fuse             0x00820000         0x00000002         rw !x
lock             0x00830000         0x00000400         rw !x
signature        0x00840000         0x00000400         rw !x
user_signatures  0x00850000         0x00000400         rw !x
*default*        0x00000000         0xffffffff

Linker script and memory map

LOAD C:/Program Files (x86)/Atmel/Studio/7.0/Packs/atmel/ATmega_DFP/1.2.209/gcc/dev/atmega32/avr5/crtatmega32.o
LOAD DIO.o
LOAD event_groups.o
LOAD heap_2.o
LOAD keypad_driver.o
LOAD LCD.o
LOAD list.o
LOAD message Queue.o
LOAD port.o
LOAD queue.o
LOAD tasks.o
START GROUP
LOAD c:/program files (x86)/atmel/studio/7.0/toolchain/avr8/avr8-gnu-toolchain/bin/../lib/gcc/avr/5.4.0/../../../../avr/lib/avr5\libm.a
END GROUP
START GROUP
LOAD c:/program files (x86)/atmel/studio/7.0/toolchain/avr8/avr8-gnu-toolchain/bin/../lib/gcc/avr/5.4.0/avr5\libgcc.a
LOAD c:/program files (x86)/atmel/studio/7.0/toolchain/avr8/avr8-gnu-toolchain/bin/../lib/gcc/avr/5.4.0/../../../../avr/lib/avr5\libm.a
LOAD c:/program files (x86)/atmel/studio/7.0/toolchain/avr8/avr8-gnu-toolchain/bin/../lib/gcc/avr/5.4.0/../../../../avr/lib/avr5\libc.a
LOAD C:/Program Files (x86)/Atmel/Studio/7.0/Packs/atmel/ATmega_DFP/1.2.209/gcc/dev/atmega32/avr5\libatmega32.a
END GROUP
                0x00020000                __TEXT_REGION_LENGTH__ = DEFINED (__TEXT_REGION_LENGTH__)?__TEXT_REGION_LENGTH__:0x20000
                0x0000ffa0                __DATA_REGION_LENGTH__ = DEFINED (__DATA_REGION_LENGTH__)?__DATA_REGION_LENGTH__:0xffa0
                0x00010000                __EEPROM_REGION_LENGTH__ = DEFINED (__EEPROM_REGION_LENGTH__)?__EEPROM_REGION_LENGTH__:0x10000
                [0x00000002]                __FUSE_REGION_LENGTH__ = DEFINED (__FUSE_REGION_LENGTH__)?__FUSE_REGION_LENGTH__:0x400
                0x00000400                __LOCK_REGION_LENGTH__ = DEFINED (__LOCK_REGION_LENGTH__)?__LOCK_REGION_LENGTH__:0x400
                0x00000400                __SIGNATURE_REGION_LENGTH__ = DEFINED (__SIGNATURE_REGION_LENGTH__)?__SIGNATURE_REGION_LENGTH__:0x400
                0x00000400                __USER_SIGNATURE_REGION_LENGTH__ = DEFINED (__USER_SIGNATURE_REGION_LENGTH__)?__USER_SIGNATURE_REGION_LENGTH__:0x400

.hash
 *(.hash)

.dynsym
 *(.dynsym)

.dynstr
 *(.dynstr)

.gnu.version
 *(.gnu.version)

.gnu.version_d
 *(.gnu.version_d)

.gnu.version_r
 *(.gnu.version_r)

.rel.init
 *(.rel.init)

.rela.init
 *(.rela.init)

.rel.text
 *(.rel.text)
 *(.rel.text.*)
 *(.rel.gnu.linkonce.t*)

.rela.text
 *(.rela.text)
 *(.rela.text.*)
 *(.rela.gnu.linkonce.t*)

.rel.fini
 *(.rel.fini)

.rela.fini
 *(.rela.fini)

.rel.rodata
 *(.rel.rodata)
 *(.rel.rodata.*)
 *(.rel.gnu.linkonce.r*)

.rela.rodata
 *(.rela.rodata)
 *(.rela.rodata.*)
 *(.rela.gnu.linkonce.r*)

.rel.data
 *(.rel.data)
 *(.rel.data.*)
 *(.rel.gnu.linkonce.d*)

.rela.data
 *(.rela.data)
 *(.rela.data.*)
 *(.rela.gnu.linkonce.d*)

.rel.ctors
 *(.rel.ctors)

.rela.ctors
 *(.rela.ctors)

.rel.dtors
 *(.rel.dtors)

.rela.dtors
 *(.rela.dtors)

.rel.got
 *(.rel.got)

.rela.got
 *(.rela.got)

.rel.bss
 *(.rel.bss)

.rela.bss
 *(.rela.bss)

.rel.plt
 *(.rel.plt)

.rela.plt
 *(.rela.plt)

.text           0x00000000     0x1ba2
 *(.vectors)
 .vectors       0x00000000       0x54 C:/Program Files (x86)/Atmel/Studio/7.0/Packs/atmel/ATmega_DFP/1.2.209/gcc/dev/atmega32/avr5/crtatmega32.o
                0x00000000                __vector_default
                0x00000000                __vectors
 *(.vectors)
 *(.progmem.gcc*)
                0x00000054                . = ALIGN (0x2)
                0x00000054                __trampolines_start = .
 *(.trampolines)
 .trampolines   0x00000054        0x0 linker stubs
 *(.trampolines*)
                0x00000054                __trampolines_end = .
 *libprintf_flt.a:*(.progmem.data)
 *libc.a:*(.progmem.data)
 *(.progmem*)
                0x00000054                . = ALIGN (0x2)
 *(.jumptables)
 *(.jumptables*)
 *(.lowtext)
 *(.lowtext*)
                0x00000054                __ctors_start = .
 *(.ctors)
                0x00000054                __ctors_end = .
                0x00000054                __dtors_start = .
 *(.dtors)
                0x00000054                __dtors_end = .
 SORT(*)(.ctors)
 SORT(*)(.dtors)
 *(.init0)
 .init0         0x00000054        0x0 C:/Program Files (x86)/Atmel/Studio/7.0/Packs/atmel/ATmega_DFP/1.2.209/gcc/dev/atmega32/avr5/crtatmega32.o
                0x00000054                __init
 *(.init0)
 *(.init1)
 *(.init1)
 *(.init2)
 .init2         0x00000054        0xc C:/Program Files (x86)/Atmel/Studio/7.0/Packs/atmel/ATmega_DFP/1.2.209/gcc/dev/atmega32/avr5/crtatmega32.o
 *(.init2)
 *(.init3)
 *(.init3)
 *(.init4)
 .init4         0x00000060       0x16 c:/program files (x86)/atmel/studio/7.0/toolchain/avr8/avr8-gnu-toolchain/bin/../lib/gcc/avr/5.4.0/avr5\libgcc.a(_copy_data.o)
                0x00000060                __do_copy_data
 .init4         0x00000076       0x10 c:/program files (x86)/atmel/studio/7.0/toolchain/avr8/avr8-gnu-toolchain/bin/../lib/gcc/avr/5.4.0/avr5\libgcc.a(_clear_bss.o)
                0x00000076                __do_clear_bss
 *(.init4)
 *(.init5)
 *(.init5)
 *(.init6)
 *(.init6)
 *(.init7)
 *(.init7)
 *(.init8)
 *(.init8)
 *(.init9)
 .init9         0x00000086        0x8 C:/Program Files (x86)/Atmel/Studio/7.0/Packs/atmel/ATmega_DFP/1.2.209/gcc/dev/atmega32/avr5/crtatmega32.o
 *(.init9)
 *(.text)
 .text          0x0000008e        0x4 C:/Program Files (x86)/Atmel/Studio/7.0/Packs/atmel/ATmega_DFP/1.2.209/gcc/dev/atmega32/avr5/crtatmega32.o
                0x0000008e                __vector_1
                0x0000008e                __vector_12
                0x0000008e                __bad_interrupt
                0x0000008e                __vector_6
                0x0000008e                __vector_3
                0x0000008e                __vector_11
                0x0000008e                __vector_13
                0x0000008e                __vector_17
                0x0000008e                __vector_19
                0x0000008e                __vector_5
                0x0000008e                __vector_4
                0x0000008e                __vector_9
                0x0000008e                __vector_2
                0x0000008e                __vector_15
                0x0000008e                __vector_8
                0x0000008e                __vector_14
                0x0000008e                __vector_10
                0x0000008e                __vector_16
                0x0000008e                __vector_18
                0x0000008e                __vector_20
 .text          0x00000092      0x128 keypad_driver.o
                0x00000092                keypad_vInit
                0x0000010c                keypad_u8check_press
                0x000001ba                . = ALIGN (0x2)
 *(.text.*)
 .text.DIO_vsetPINDir
                0x000001ba       0xe0 DIO.o
                0x000001ba                DIO_vsetPINDir
 .text.DIO_write
                0x0000029a       0xe0 DIO.o
                0x0000029a                DIO_write
 .text.DIO_u8read
                0x0000037a       0xaa DIO.o
                0x0000037a                DIO_u8read
 .text.DIO_write_port
                0x00000424       0x26 DIO.o
                0x00000424                DIO_write_port
 .text.DIO_vconnectpullup
                0x0000044a       0xe0 DIO.o
                0x0000044a                DIO_vconnectpullup
 .text.pvPortMalloc
                0x0000052a      0x134 heap_2.o
                0x0000052a                pvPortMalloc
 .text.vPortFree
                0x0000065e       0x66 heap_2.o
                0x0000065e                vPortFree
 .text.send_falling_edge
                0x000006c4       0x2e LCD.o
 .text.LCD_vSend_cmd
                0x000006f2       0x24 LCD.o
                0x000006f2                LCD_vSend_cmd
 .text.LCD_vInit
                0x00000716       0xd4 LCD.o
                0x00000716                LCD_vInit
 .text.LCD_vSend_char
                0x000007ea       0x24 LCD.o
                0x000007ea                LCD_vSend_char
 .text.vListInitialise
                0x0000080e       0x1c list.o
                0x0000080e                vListInitialise
 .text.vListInitialiseItem
                0x0000082a        0x8 list.o
                0x0000082a                vListInitialiseItem
 .text.vListInsertEnd
                0x00000832       0x42 list.o
                0x00000832                vListInsertEnd
 .text.vListInsert
                0x00000874       0x62 list.o
                0x00000874                vListInsert
 .text.uxListRemove
                0x000008d6       0x4c list.o
                0x000008d6                uxListRemove
 .text.keypad   0x00000922       0x36 message Queue.o
                0x00000922                keypad
 .text.LCD      0x00000958       0x2a message Queue.o
                0x00000958                LCD
 .text.main     0x00000982       0x50 message Queue.o
                0x00000982                main
 .text.pxPortInitialiseStack
                0x000009d2       0xd8 port.o
                0x000009d2                pxPortInitialiseStack
 .text.xPortStartScheduler
                0x00000aaa       0x6a port.o
                0x00000aaa                xPortStartScheduler
 .text.vPortYield
                0x00000b14       0xb2 port.o
                0x00000b14                vPortYield
 .text.vPortYieldFromTick
                0x00000bc6       0xb8 port.o
                0x00000bc6                vPortYieldFromTick
 .text.__vector_7
                0x00000c7e        0x6 port.o
                0x00000c7e                __vector_7
 .text.prvCopyDataToQueue
                0x00000c84       0xbe queue.o
 .text.prvCopyDataFromQueue
                0x00000d42       0x34 queue.o
 .text.prvUnlockQueue
                0x00000d76       0x9a queue.o
 .text.xQueueGenericReset
                0x00000e10       0x7a queue.o
                0x00000e10                xQueueGenericReset
 .text.xQueueGenericCreate
                0x00000e8a       0x5a queue.o
                0x00000e8a                xQueueGenericCreate
 .text.xQueueGenericSend
                0x00000ee4      0x142 queue.o
                0x00000ee4                xQueueGenericSend
 .text.xQueueGenericReceive
                0x00001026      0x198 queue.o
                0x00001026                xQueueGenericReceive
 .text.prvResetNextTaskUnblockTime
                0x000011be       0x3e tasks.o
 .text.prvAddCurrentTaskToDelayedList
                0x000011fc       0xb0 tasks.o
 .text.xTaskCreate
                0x000012ac      0x222 tasks.o
                0x000012ac                xTaskCreate
 .text.vTaskStartScheduler
                0x000014ce       0x54 tasks.o
                0x000014ce                vTaskStartScheduler
 .text.vTaskSuspendAll
                0x00001522        0xc tasks.o
                0x00001522                vTaskSuspendAll
 .text.xTaskIncrementTick
                0x0000152e      0x146 tasks.o
                0x0000152e                xTaskIncrementTick
 .text.xTaskResumeAll
                0x00001674       0xfe tasks.o
                0x00001674                xTaskResumeAll
 .text.vTaskDelay
                0x00001772       0x28 tasks.o
                0x00001772                vTaskDelay
 .text.prvIdleTask
                0x0000179a       0x7a tasks.o
 .text.vTaskSwitchContext
                0x00001814       0xcc tasks.o
                0x00001814                vTaskSwitchContext
 .text.vTaskPlaceOnEventList
                0x000018e0       0x24 tasks.o
                0x000018e0                vTaskPlaceOnEventList
 .text.xTaskRemoveFromEventList
                0x00001904       0x90 tasks.o
                0x00001904                xTaskRemoveFromEventList
 .text.vTaskSetTimeOutState
                0x00001994       0x16 tasks.o
                0x00001994                vTaskSetTimeOutState
 .text.xTaskCheckForTimeOut
                0x000019aa       0x72 tasks.o
                0x000019aa                xTaskCheckForTimeOut
 .text.vTaskMissedYield
                0x00001a1c        0x8 tasks.o
                0x00001a1c                vTaskMissedYield
 .text.vTaskPriorityInherit
                0x00001a24       0xc4 tasks.o
                0x00001a24                vTaskPriorityInherit
 .text.xTaskPriorityDisinherit
                0x00001ae8       0x80 tasks.o
                0x00001ae8                xTaskPriorityDisinherit
 .text.pvTaskIncrementMutexHeldCount
                0x00001b68       0x24 tasks.o
                0x00001b68                pvTaskIncrementMutexHeldCount
 .text.avr-libc
                0x00001b8c       0x12 c:/program files (x86)/atmel/studio/7.0/toolchain/avr8/avr8-gnu-toolchain/bin/../lib/gcc/avr/5.4.0/../../../../avr/lib/avr5\libc.a(memcpy.o)
                0x00001b8c                memcpy
                0x00001b9e                . = ALIGN (0x2)
 *(.fini9)
 .fini9         0x00001b9e        0x0 c:/program files (x86)/atmel/studio/7.0/toolchain/avr8/avr8-gnu-toolchain/bin/../lib/gcc/avr/5.4.0/avr5\libgcc.a(_exit.o)
                0x00001b9e                _exit
                0x00001b9e                exit
 *(.fini9)
 *(.fini8)
 *(.fini8)
 *(.fini7)
 *(.fini7)
 *(.fini6)
 *(.fini6)
 *(.fini5)
 *(.fini5)
 *(.fini4)
 *(.fini4)
 *(.fini3)
 *(.fini3)
 *(.fini2)
 *(.fini2)
 *(.fini1)
 *(.fini1)
 *(.fini0)
 .fini0         0x00001b9e        0x4 c:/program files (x86)/atmel/studio/7.0/toolchain/avr8/avr8-gnu-toolchain/bin/../lib/gcc/avr/5.4.0/avr5\libgcc.a(_exit.o)
 *(.fini0)
                0x00001ba2                _etext = .

.data           0x00800060       0x1c load address 0x00001ba2
                0x00800060                PROVIDE (__data_start, .)
 *(.data)
 .data          0x00800060       0x10 keypad_driver.o
 *(.data*)
 .data.xFreeBytesRemaining
                0x00800070        0x2 heap_2.o
 *(.gnu.linkonce.d*)
 *(.rodata)
 *(.rodata*)
 .rodata.str1.1
                0x00800072        0x4 message Queue.o
 .rodata.str1.1
                0x00800076        0x5 tasks.o
 *(.gnu.linkonce.r*)
                0x0080007c                . = ALIGN (0x2)
 *fill*         0x0080007b        0x1 
                0x0080007c                _edata = .
                0x0080007c                PROVIDE (__data_end, .)

.bss            0x0080007c      0x39a
                0x0080007c                PROVIDE (__bss_start, .)
 *(.bss)
 *(.bss*)
 .bss.xHeapHasBeenInitialised.2073
                0x0080007c        0x1 heap_2.o
 .bss.xEnd      0x0080007d        0x4 heap_2.o
 .bss.xStart    0x00800081        0x4 heap_2.o
 .bss.ucHeap    0x00800085      0x320 heap_2.o
 .bss.uxSchedulerSuspended
                0x008003a5        0x1 tasks.o
 .bss.xIdleTaskHandle
                0x008003a6        0x2 tasks.o
 .bss.xNextTaskUnblockTime
                0x008003a8        0x2 tasks.o
 .bss.uxTaskNumber
                0x008003aa        0x1 tasks.o
 .bss.xNumOfOverflows
                0x008003ab        0x1 tasks.o
 .bss.xYieldPending
                0x008003ac        0x1 tasks.o
 .bss.uxPendedTicks
                0x008003ad        0x1 tasks.o
 .bss.xSchedulerRunning
                0x008003ae        0x1 tasks.o
 .bss.uxTopReadyPriority
                0x008003af        0x1 tasks.o
 .bss.xTickCount
                0x008003b0        0x2 tasks.o
 .bss.uxCurrentNumberOfTasks
                0x008003b2        0x1 tasks.o
 .bss.xSuspendedTaskList
                0x008003b3        0x9 tasks.o
 .bss.uxDeletedTasksWaitingCleanUp
                0x008003bc        0x1 tasks.o
 .bss.xTasksWaitingTermination
                0x008003bd        0x9 tasks.o
 .bss.xPendingReadyList
                0x008003c6        0x9 tasks.o
 .bss.pxOverflowDelayedTaskList
                0x008003cf        0x2 tasks.o
 .bss.pxDelayedTaskList
                0x008003d1        0x2 tasks.o
 .bss.xDelayedTaskList2
                0x008003d3        0x9 tasks.o
 .bss.xDelayedTaskList1
                0x008003dc        0x9 tasks.o
 .bss.pxReadyTasksLists
                0x008003e5       0x2d tasks.o
 .bss.pxCurrentTCB
                0x00800412        0x2 tasks.o
                0x00800412                pxCurrentTCB
 *(COMMON)
 COMMON         0x00800414        0x2 message Queue.o
                0x00800414                my_queue
                0x00800416                PROVIDE (__bss_end, .)
                0x00001ba2                __data_load_start = LOADADDR (.data)
                0x00001bbe                __data_load_end = (__data_load_start + SIZEOF (.data))

.noinit         0x00800416        0x0
                [!provide]                PROVIDE (__noinit_start, .)
 *(.noinit*)
                [!provide]                PROVIDE (__noinit_end, .)
                0x00800416                _end = .
                [!provide]                PROVIDE (__heap_start, .)

.eeprom         0x00810000        0x0
 *(.eeprom*)
                0x00810000                __eeprom_end = .

.fuse
 *(.fuse)
 *(.lfuse)
 *(.hfuse)
 *(.efuse)

.lock
 *(.lock*)

.signature
 *(.signature*)

.user_signatures
 *(.user_signatures*)

.stab
 *(.stab)

.stabstr
 *(.stabstr)

.stab.excl
 *(.stab.excl)

.stab.exclstr
 *(.stab.exclstr)

.stab.index
 *(.stab.index)

.stab.indexstr
 *(.stab.indexstr)

.comment        0x00000000       0x30
 *(.comment)
 .comment       0x00000000       0x30 DIO.o
                                 0x31 (size before relaxing)
 .comment       0x00000030       0x31 heap_2.o
 .comment       0x00000030       0x31 LCD.o
 .comment       0x00000030       0x31 list.o
 .comment       0x00000030       0x31 message Queue.o
 .comment       0x00000030       0x31 port.o
 .comment       0x00000030       0x31 queue.o
 .comment       0x00000030       0x31 tasks.o

.note.gnu.avr.deviceinfo
                0x00000000       0x3c
 .note.gnu.avr.deviceinfo
                0x00000000       0x3c C:/Program Files (x86)/Atmel/Studio/7.0/Packs/atmel/ATmega_DFP/1.2.209/gcc/dev/atmega32/avr5/crtatmega32.o

.note.gnu.build-id
 *(.note.gnu.build-id)

.debug
 *(.debug)

.line
 *(.line)

.debug_srcinfo
 *(.debug_srcinfo)

.debug_sfnames
 *(.debug_sfnames)

.debug_aranges  0x00000000      0x3e8
 *(.debug_aranges)
 .debug_aranges
                0x00000000       0x68 DIO.o
 .debug_aranges
                0x00000068       0x38 heap_2.o
 .debug_aranges
                0x000000a0       0x20 keypad_driver.o
 .debug_aranges
                0x000000c0       0x50 LCD.o
 .debug_aranges
                0x00000110       0x40 list.o
 .debug_aranges
                0x00000150       0x30 message Queue.o
 .debug_aranges
                0x00000180       0x48 port.o
 .debug_aranges
                0x000001c8       0xc0 queue.o
 .debug_aranges
                0x00000288      0x160 tasks.o

.debug_pubnames
 *(.debug_pubnames)

.debug_info     0x00000000     0x4b84
 *(.debug_info .gnu.linkonce.wi.*)
 .debug_info    0x00000000      0x4e6 C:/Program Files (x86)/Atmel/Studio/7.0/Packs/atmel/ATmega_DFP/1.2.209/gcc/dev/atmega32/avr5/crtatmega32.o
 .debug_info    0x000004e6      0x2dc DIO.o
 .debug_info    0x000007c2      0x33a heap_2.o
 .debug_info    0x00000afc       0xc3 keypad_driver.o
 .debug_info    0x00000bbf      0x6f7 LCD.o
 .debug_info    0x000012b6      0x2cd list.o
 .debug_info    0x00001583      0x310 message Queue.o
 .debug_info    0x00001893      0x263 port.o
 .debug_info    0x00001af6     0x1304 queue.o
 .debug_info    0x00002dfa     0x1d8a tasks.o

.debug_abbrev   0x00000000     0x1292
 *(.debug_abbrev)
 .debug_abbrev  0x00000000      0x4a3 C:/Program Files (x86)/Atmel/Studio/7.0/Packs/atmel/ATmega_DFP/1.2.209/gcc/dev/atmega32/avr5/crtatmega32.o
 .debug_abbrev  0x000004a3       0xdd DIO.o
 .debug_abbrev  0x00000580      0x1ba heap_2.o
 .debug_abbrev  0x0000073a       0x88 keypad_driver.o
 .debug_abbrev  0x000007c2      0x17c LCD.o
 .debug_abbrev  0x0000093e       0xf8 list.o
 .debug_abbrev  0x00000a36      0x11b message Queue.o
 .debug_abbrev  0x00000b51      0x155 port.o
 .debug_abbrev  0x00000ca6      0x2bc queue.o
 .debug_abbrev  0x00000f62      0x330 tasks.o

.debug_line     0x00000000     0x29b2
 *(.debug_line .debug_line.* .debug_line_end)
 .debug_line    0x00000000      0x115 C:/Program Files (x86)/Atmel/Studio/7.0/Packs/atmel/ATmega_DFP/1.2.209/gcc/dev/atmega32/avr5/crtatmega32.o
 .debug_line    0x00000115      0x3a6 DIO.o
 .debug_line    0x000004bb      0x27c heap_2.o
 .debug_line    0x00000737       0x64 keypad_driver.o
 .debug_line    0x0000079b      0x2c3 LCD.o
 .debug_line    0x00000a5e      0x1cb list.o
 .debug_line    0x00000c29      0x154 message Queue.o
 .debug_line    0x00000d7d      0x288 port.o
 .debug_line    0x00001005      0x911 queue.o
 .debug_line    0x00001916     0x109c tasks.o

.debug_frame    0x00000000      0xb24
 *(.debug_frame)
 .debug_frame   0x00000000       0xb4 DIO.o
 .debug_frame   0x000000b4       0x7c heap_2.o
 .debug_frame   0x00000130       0x4c keypad_driver.o
 .debug_frame   0x0000017c       0x90 LCD.o
 .debug_frame   0x0000020c       0x88 list.o
 .debug_frame   0x00000294       0x64 message Queue.o
 .debug_frame   0x000002f8       0x74 port.o
 .debug_frame   0x0000036c      0x2b0 queue.o
 .debug_frame   0x0000061c      0x508 tasks.o

.debug_str      0x00000000     0x1693
 *(.debug_str)
 .debug_str     0x00000000      0x196 C:/Program Files (x86)/Atmel/Studio/7.0/Packs/atmel/ATmega_DFP/1.2.209/gcc/dev/atmega32/avr5/crtatmega32.o
 .debug_str     0x00000196      0x235 DIO.o
                                0x27e (size before relaxing)
 .debug_str     0x000003cb      0x18e heap_2.o
                                0x313 (size before relaxing)
 .debug_str     0x00000559       0x95 keypad_driver.o
                                 0xa7 (size before relaxing)
 .debug_str     0x000005ee       0xbb LCD.o
                                0x266 (size before relaxing)
 .debug_str     0x000006a9      0x135 list.o
                                0x2ca (size before relaxing)
 .debug_str     0x000007de       0x9e message Queue.o
                                0x267 (size before relaxing)
 .debug_str     0x0000087c      0x118 port.o
                                0x2c3 (size before relaxing)
 .debug_str     0x00000994      0x4e9 queue.o
                                0x802 (size before relaxing)
 .debug_str     0x00000e7d      0x816 tasks.o
                                0xd17 (size before relaxing)

.debug_loc      0x00000000     0x4af5
 *(.debug_loc)
 .debug_loc     0x00000000      0x56f DIO.o
 .debug_loc     0x0000056f      0x2ef heap_2.o
 .debug_loc     0x0000085e      0x10e keypad_driver.o
 .debug_loc     0x0000096c      0x44c LCD.o
 .debug_loc     0x00000db8      0x145 list.o
 .debug_loc     0x00000efd       0xdc message Queue.o
 .debug_loc     0x00000fd9      0x2a0 port.o
 .debug_loc     0x00001279     0x1787 queue.o
 .debug_loc     0x00002a00     0x20f5 tasks.o

.debug_macinfo
 *(.debug_macinfo)

.debug_weaknames
 *(.debug_weaknames)

.debug_funcnames
 *(.debug_funcnames)

.debug_typenames
 *(.debug_typenames)

.debug_varnames
 *(.debug_varnames)

.debug_pubtypes
 *(.debug_pubtypes)

.debug_ranges   0x00000000      0x420
 *(.debug_ranges)
 .debug_ranges  0x00000000       0x58 DIO.o
 .debug_ranges  0x00000058       0x28 heap_2.o
 .debug_ranges  0x00000080       0x40 LCD.o
 .debug_ranges  0x000000c0       0x30 list.o
 .debug_ranges  0x000000f0       0x20 message Queue.o
 .debug_ranges  0x00000110       0x38 port.o
 .debug_ranges  0x00000148      0x110 queue.o
 .debug_ranges  0x00000258      0x1c8 tasks.o

.debug_macro
 *(.debug_macro)
OUTPUT(message Queue.elf elf32-avr)
LOAD linker stubs
